exports[`test renders correctly 1`] = `
<aside
  className="sidebar">
  <section
    className="social">
    <ul>
      <li>
        <a
          alt="Instagram"
          className="instagram"
          href="https://www.instagram.com/flagsandhighfives/"
          target="_BLANK"
          title="Instagram">
          Instagram
        </a>
      </li>
      <li>
        <a
          alt="Twitter"
          className="twitter"
          href="https://twitter.com/fahfpodcast"
          target="_BLANK"
          title="Twitter">
          Twitter
        </a>
      </li>
      <li>
        <a
          alt="facebook"
          className="facebook"
          href="https://www.facebook.com/FAHFpodcast/"
          target="_BLANK"
          title="facebook">
          Facebook
        </a>
      </li>
    </ul>
  </section>
  <section
    className="services">
    <ul>
      <li>
        <a
          alt="iTunes"
          className="itunes"
          href="https://itunes.apple.com/ca/podcast/flags-and-high-fives-a-podcast-retrospective/id1218051476"
          target="_BLANK"
          title="iTunes">
          <img
            alt="Subscribe on iTunes"
            src="itunes-badge.png" />
        </a>
      </li>
      <li>
        <a
          alt="iTunes"
          className="itunes"
          href="https://playmusic.app.goo.gl/?ibi=com.google.PlayMusic&isi=691797987&ius=googleplaymusic&link=https://play.google.com/music/m/Iaeedrwhbsquvbpo3adkxm6mpay?t%3DFlags_and_High_Fives:_A_podcast_retrospective%26pcampaignid%3DMKT-na-all-co-pr-mu-pod-16"
          target="_BLANK"
          title="iTunes">
          <img
            alt="Subscribe on Google Play Music"
            src="google-badge.png" />
        </a>
      </li>
      <li>
        <a
          alt="RSS"
          className="rss"
          href="http://feeds.soundcloud.com/users/soundcloud:users:290085134/sounds.rss"
          target="_BLANK"
          title="RSS">
          <img
            alt="Subscribe via RSS"
            src="rss-badge.png" />
        </a>
      </li>
    </ul>
  </section>
</aside>
`;
